// Jest Snapshot v1, https://goo.gl/fbAQLP

exports[`Form should match the snapshot 1`] = `
ShallowWrapper {
  Symbol(enzyme.__root__): [Circular],
  Symbol(enzyme.__unrendered__): <Form
    fetchRecipes={[MockFunction]}
  />,
  Symbol(enzyme.__renderer__): Object {
    "batchedUpdates": [Function],
    "getNode": [Function],
    "render": [Function],
    "simulateError": [Function],
    "simulateEvent": [Function],
    "unmount": [Function],
  },
  Symbol(enzyme.__node__): Object {
    "instance": null,
    "key": undefined,
    "nodeType": "host",
    "props": Object {
      "children": Array [
        <div>
          <input
            name="search"
            onChange={[Function]}
            placeholder="Search for Recipes"
            type="text"
            value=""
          />
          <button
            className="search-btn"
          >
            <i
              className="fas fa-search"
            />
          </button>
        </div>,
        <div
          className="select-container"
        >
          <select
            name="filter"
            onChange={[Function]}
          >
            <option
              value=""
            >
              Filter by Diet
            </option>
            <option
              value="balanced"
            >
              Balanced
            </option>
            <option
              value="low-carb"
            >
              Low Carb
            </option>
            <option
              value="high-protein"
            >
              High Protein
            </option>
          </select>
        </div>,
      ],
      "onSubmit": [Function],
    },
    "ref": null,
    "rendered": Array [
      Object {
        "instance": null,
        "key": undefined,
        "nodeType": "host",
        "props": Object {
          "children": Array [
            <input
              name="search"
              onChange={[Function]}
              placeholder="Search for Recipes"
              type="text"
              value=""
            />,
            <button
              className="search-btn"
            >
              <i
                className="fas fa-search"
              />
            </button>,
          ],
        },
        "ref": null,
        "rendered": Array [
          Object {
            "instance": null,
            "key": undefined,
            "nodeType": "host",
            "props": Object {
              "name": "search",
              "onChange": [Function],
              "placeholder": "Search for Recipes",
              "type": "text",
              "value": "",
            },
            "ref": null,
            "rendered": null,
            "type": "input",
          },
          Object {
            "instance": null,
            "key": undefined,
            "nodeType": "host",
            "props": Object {
              "children": <i
                className="fas fa-search"
              />,
              "className": "search-btn",
            },
            "ref": null,
            "rendered": Object {
              "instance": null,
              "key": undefined,
              "nodeType": "host",
              "props": Object {
                "className": "fas fa-search",
              },
              "ref": null,
              "rendered": null,
              "type": "i",
            },
            "type": "button",
          },
        ],
        "type": "div",
      },
      Object {
        "instance": null,
        "key": undefined,
        "nodeType": "host",
        "props": Object {
          "children": <select
            name="filter"
            onChange={[Function]}
          >
            <option
              value=""
            >
              Filter by Diet
            </option>
            <option
              value="balanced"
            >
              Balanced
            </option>
            <option
              value="low-carb"
            >
              Low Carb
            </option>
            <option
              value="high-protein"
            >
              High Protein
            </option>
          </select>,
          "className": "select-container",
        },
        "ref": null,
        "rendered": Object {
          "instance": null,
          "key": undefined,
          "nodeType": "host",
          "props": Object {
            "children": Array [
              <option
                value=""
              >
                Filter by Diet
              </option>,
              <option
                value="balanced"
              >
                Balanced
              </option>,
              <option
                value="low-carb"
              >
                Low Carb
              </option>,
              <option
                value="high-protein"
              >
                High Protein
              </option>,
            ],
            "name": "filter",
            "onChange": [Function],
          },
          "ref": null,
          "rendered": Array [
            Object {
              "instance": null,
              "key": undefined,
              "nodeType": "host",
              "props": Object {
                "children": "Filter by Diet",
                "value": "",
              },
              "ref": null,
              "rendered": "Filter by Diet",
              "type": "option",
            },
            Object {
              "instance": null,
              "key": undefined,
              "nodeType": "host",
              "props": Object {
                "children": "Balanced",
                "value": "balanced",
              },
              "ref": null,
              "rendered": "Balanced",
              "type": "option",
            },
            Object {
              "instance": null,
              "key": undefined,
              "nodeType": "host",
              "props": Object {
                "children": "Low Carb",
                "value": "low-carb",
              },
              "ref": null,
              "rendered": "Low Carb",
              "type": "option",
            },
            Object {
              "instance": null,
              "key": undefined,
              "nodeType": "host",
              "props": Object {
                "children": "High Protein",
                "value": "high-protein",
              },
              "ref": null,
              "rendered": "High Protein",
              "type": "option",
            },
          ],
          "type": "select",
        },
        "type": "div",
      },
    ],
    "type": "form",
  },
  Symbol(enzyme.__nodes__): Array [
    Object {
      "instance": null,
      "key": undefined,
      "nodeType": "host",
      "props": Object {
        "children": Array [
          <div>
            <input
              name="search"
              onChange={[Function]}
              placeholder="Search for Recipes"
              type="text"
              value=""
            />
            <button
              className="search-btn"
            >
              <i
                className="fas fa-search"
              />
            </button>
          </div>,
          <div
            className="select-container"
          >
            <select
              name="filter"
              onChange={[Function]}
            >
              <option
                value=""
              >
                Filter by Diet
              </option>
              <option
                value="balanced"
              >
                Balanced
              </option>
              <option
                value="low-carb"
              >
                Low Carb
              </option>
              <option
                value="high-protein"
              >
                High Protein
              </option>
            </select>
          </div>,
        ],
        "onSubmit": [Function],
      },
      "ref": null,
      "rendered": Array [
        Object {
          "instance": null,
          "key": undefined,
          "nodeType": "host",
          "props": Object {
            "children": Array [
              <input
                name="search"
                onChange={[Function]}
                placeholder="Search for Recipes"
                type="text"
                value=""
              />,
              <button
                className="search-btn"
              >
                <i
                  className="fas fa-search"
                />
              </button>,
            ],
          },
          "ref": null,
          "rendered": Array [
            Object {
              "instance": null,
              "key": undefined,
              "nodeType": "host",
              "props": Object {
                "name": "search",
                "onChange": [Function],
                "placeholder": "Search for Recipes",
                "type": "text",
                "value": "",
              },
              "ref": null,
              "rendered": null,
              "type": "input",
            },
            Object {
              "instance": null,
              "key": undefined,
              "nodeType": "host",
              "props": Object {
                "children": <i
                  className="fas fa-search"
                />,
                "className": "search-btn",
              },
              "ref": null,
              "rendered": Object {
                "instance": null,
                "key": undefined,
                "nodeType": "host",
                "props": Object {
                  "className": "fas fa-search",
                },
                "ref": null,
                "rendered": null,
                "type": "i",
              },
              "type": "button",
            },
          ],
          "type": "div",
        },
        Object {
          "instance": null,
          "key": undefined,
          "nodeType": "host",
          "props": Object {
            "children": <select
              name="filter"
              onChange={[Function]}
            >
              <option
                value=""
              >
                Filter by Diet
              </option>
              <option
                value="balanced"
              >
                Balanced
              </option>
              <option
                value="low-carb"
              >
                Low Carb
              </option>
              <option
                value="high-protein"
              >
                High Protein
              </option>
            </select>,
            "className": "select-container",
          },
          "ref": null,
          "rendered": Object {
            "instance": null,
            "key": undefined,
            "nodeType": "host",
            "props": Object {
              "children": Array [
                <option
                  value=""
                >
                  Filter by Diet
                </option>,
                <option
                  value="balanced"
                >
                  Balanced
                </option>,
                <option
                  value="low-carb"
                >
                  Low Carb
                </option>,
                <option
                  value="high-protein"
                >
                  High Protein
                </option>,
              ],
              "name": "filter",
              "onChange": [Function],
            },
            "ref": null,
            "rendered": Array [
              Object {
                "instance": null,
                "key": undefined,
                "nodeType": "host",
                "props": Object {
                  "children": "Filter by Diet",
                  "value": "",
                },
                "ref": null,
                "rendered": "Filter by Diet",
                "type": "option",
              },
              Object {
                "instance": null,
                "key": undefined,
                "nodeType": "host",
                "props": Object {
                  "children": "Balanced",
                  "value": "balanced",
                },
                "ref": null,
                "rendered": "Balanced",
                "type": "option",
              },
              Object {
                "instance": null,
                "key": undefined,
                "nodeType": "host",
                "props": Object {
                  "children": "Low Carb",
                  "value": "low-carb",
                },
                "ref": null,
                "rendered": "Low Carb",
                "type": "option",
              },
              Object {
                "instance": null,
                "key": undefined,
                "nodeType": "host",
                "props": Object {
                  "children": "High Protein",
                  "value": "high-protein",
                },
                "ref": null,
                "rendered": "High Protein",
                "type": "option",
              },
            ],
            "type": "select",
          },
          "type": "div",
        },
      ],
      "type": "form",
    },
  ],
  Symbol(enzyme.__options__): Object {
    "adapter": ReactSixteenAdapter {
      "options": Object {
        "enableComponentDidUpdateOnSetState": true,
        "lifecycles": Object {
          "componentDidUpdate": Object {
            "onSetState": true,
          },
          "getDerivedStateFromProps": true,
          "getSnapshotBeforeUpdate": true,
          "setState": Object {
            "skipsComponentDidUpdateOnNullish": true,
          },
        },
      },
    },
  },
}
`;
