// Jest Snapshot v1, https://goo.gl/fbAQLP

exports[`Splash should match the snapshot 1`] = `
ShallowWrapper {
  Symbol(enzyme.__root__): [Circular],
  Symbol(enzyme.__unrendered__): <Splash />,
  Symbol(enzyme.__renderer__): Object {
    "batchedUpdates": [Function],
    "getNode": [Function],
    "render": [Function],
    "simulateError": [Function],
    "simulateEvent": [Function],
    "unmount": [Function],
  },
  Symbol(enzyme.__node__): Object {
    "instance": null,
    "key": undefined,
    "nodeType": "host",
    "props": Object {
      "children": Array [
        <h1>
          fuel
        </h1>,
        <h2>
          Recipes and Nutrition to support your training
        </h2>,
        <Link
          replace={false}
          to="/main/"
        >
          <button
            className="splash-btn"
            type="button"
          >
            Find Your Fuel 
            <i
              className="fas fa-caret-right"
            />
          </button>
        </Link>,
      ],
      "className": "splash-text",
    },
    "ref": null,
    "rendered": Array [
      Object {
        "instance": null,
        "key": undefined,
        "nodeType": "host",
        "props": Object {
          "children": "fuel",
        },
        "ref": null,
        "rendered": "fuel",
        "type": "h1",
      },
      Object {
        "instance": null,
        "key": undefined,
        "nodeType": "host",
        "props": Object {
          "children": "Recipes and Nutrition to support your training",
        },
        "ref": null,
        "rendered": "Recipes and Nutrition to support your training",
        "type": "h2",
      },
      Object {
        "instance": null,
        "key": undefined,
        "nodeType": "class",
        "props": Object {
          "children": <button
            className="splash-btn"
            type="button"
          >
            Find Your Fuel 
            <i
              className="fas fa-caret-right"
            />
          </button>,
          "replace": false,
          "to": "/main/",
        },
        "ref": null,
        "rendered": Object {
          "instance": null,
          "key": undefined,
          "nodeType": "host",
          "props": Object {
            "children": Array [
              "Find Your Fuel ",
              <i
                className="fas fa-caret-right"
              />,
            ],
            "className": "splash-btn",
            "type": "button",
          },
          "ref": null,
          "rendered": Array [
            "Find Your Fuel ",
            Object {
              "instance": null,
              "key": undefined,
              "nodeType": "host",
              "props": Object {
                "className": "fas fa-caret-right",
              },
              "ref": null,
              "rendered": null,
              "type": "i",
            },
          ],
          "type": "button",
        },
        "type": [Function],
      },
    ],
    "type": "div",
  },
  Symbol(enzyme.__nodes__): Array [
    Object {
      "instance": null,
      "key": undefined,
      "nodeType": "host",
      "props": Object {
        "children": Array [
          <h1>
            fuel
          </h1>,
          <h2>
            Recipes and Nutrition to support your training
          </h2>,
          <Link
            replace={false}
            to="/main/"
          >
            <button
              className="splash-btn"
              type="button"
            >
              Find Your Fuel 
              <i
                className="fas fa-caret-right"
              />
            </button>
          </Link>,
        ],
        "className": "splash-text",
      },
      "ref": null,
      "rendered": Array [
        Object {
          "instance": null,
          "key": undefined,
          "nodeType": "host",
          "props": Object {
            "children": "fuel",
          },
          "ref": null,
          "rendered": "fuel",
          "type": "h1",
        },
        Object {
          "instance": null,
          "key": undefined,
          "nodeType": "host",
          "props": Object {
            "children": "Recipes and Nutrition to support your training",
          },
          "ref": null,
          "rendered": "Recipes and Nutrition to support your training",
          "type": "h2",
        },
        Object {
          "instance": null,
          "key": undefined,
          "nodeType": "class",
          "props": Object {
            "children": <button
              className="splash-btn"
              type="button"
            >
              Find Your Fuel 
              <i
                className="fas fa-caret-right"
              />
            </button>,
            "replace": false,
            "to": "/main/",
          },
          "ref": null,
          "rendered": Object {
            "instance": null,
            "key": undefined,
            "nodeType": "host",
            "props": Object {
              "children": Array [
                "Find Your Fuel ",
                <i
                  className="fas fa-caret-right"
                />,
              ],
              "className": "splash-btn",
              "type": "button",
            },
            "ref": null,
            "rendered": Array [
              "Find Your Fuel ",
              Object {
                "instance": null,
                "key": undefined,
                "nodeType": "host",
                "props": Object {
                  "className": "fas fa-caret-right",
                },
                "ref": null,
                "rendered": null,
                "type": "i",
              },
            ],
            "type": "button",
          },
          "type": [Function],
        },
      ],
      "type": "div",
    },
  ],
  Symbol(enzyme.__options__): Object {
    "adapter": ReactSixteenAdapter {
      "options": Object {
        "enableComponentDidUpdateOnSetState": true,
        "lifecycles": Object {
          "componentDidUpdate": Object {
            "onSetState": true,
          },
          "getDerivedStateFromProps": true,
          "getSnapshotBeforeUpdate": true,
          "setState": Object {
            "skipsComponentDidUpdateOnNullish": true,
          },
        },
      },
    },
  },
}
`;
